// Jest Snapshot v1, https://goo.gl/fbAQLP

exports[`Comics Modal Renderizado con personaje seleccionado 1`] = `
<div
  className="comics-modal"
>
  <div
    className="titulo"
  >
    Omega Red
  </div>
  <ComicsList
    comics={Array []}
    comicsError={false}
    comicsLoading={false}
    setComicFavorito={[MockFunction]}
  />
</div>
`;
