// Jest Snapshot v1, https://goo.gl/fbAQLP

exports[`Card Render 1`] = `
<div
  className="card"
>
  <div
    className="image"
    style={
      Object {
        "backgroundImage": "url(\\".\\")",
      }
    }
  >
    <img
      alt="Favorito"
      className="favorito"
      onClick={[Function]}
      src="star_outline_white.svg"
    />
    <div
      className="name"
      onClick={[Function]}
    />
  </div>
</div>
`;
