// Jest Snapshot v1, https://goo.gl/fbAQLP

exports[`Error Render sin props 1`] = `
<div
  className="d-flex justify-content-center w-100 mb-3"
>
  <div
    className="alert alert-danger"
    role="alert"
  >
    <h4
      className="alert-heading"
    >
      Error!
    </h4>
    <p />
  </div>
</div>
`;
